{{ range .Entries }}* {{ .Leaf }} - {{ .ModTime.UTC.Format "2006-01-02T15:04:05Z07:00" }}
{{ end }}